{
  "description": "Exact finite edge certificate for universal hitting of 1 or 20mod27",
  "finite_core_synthesis": {
    "method": "integer difference constraints (Bellman-Ford)",
    "specified_excluded_residues": [
      13,
      20,
      26
    ],
    "regular_edges": 43,
    "relaxation_passes": 2,
    "levels": {
      "0": 2,
      "1": 2,
      "2": 1,
      "3": 2,
      "4": 1,
      "5": 1,
      "6": 2,
      "7": 2,
      "8": 0,
      "9": 2,
      "10": 2,
      "11": 1,
      "12": 2,
      "14": 1,
      "15": 2,
      "16": 2,
      "17": 0,
      "18": 2,
      "19": 2,
      "21": 2,
      "22": 1,
      "23": 1,
      "24": 2,
      "25": 2
    },
    "derived_coefficients": {
      "0": 13,
      "1": 13,
      "2": 7,
      "3": 13,
      "4": 7,
      "5": 7,
      "6": 13,
      "7": 13,
      "8": 4,
      "9": 13,
      "10": 13,
      "11": 7,
      "12": 13,
      "14": 7,
      "15": 13,
      "16": 13,
      "17": 4,
      "18": 13,
      "19": 13,
      "21": 13,
      "22": 7,
      "23": 7,
      "24": 13,
      "25": 13
    }
  },
  "weights": {
    "0": 4,
    "1": 4,
    "2": 2,
    "3": 4,
    "4": 2,
    "5": 2,
    "6": 4,
    "7": 4,
    "8": 1,
    "9": 4,
    "10": 4,
    "11": 2,
    "12": 4,
    "14": 2,
    "15": 4,
    "16": 4,
    "17": 1,
    "18": 4,
    "19": 4,
    "21": 4,
    "22": 2,
    "23": 2,
    "24": 4,
    "25": 4
  },
  "coefficients": {
    "0": 13,
    "1": 13,
    "2": 7,
    "3": 13,
    "4": 7,
    "5": 7,
    "6": 13,
    "7": 13,
    "8": 4,
    "9": 13,
    "10": 13,
    "11": 7,
    "12": 13,
    "14": 7,
    "15": 13,
    "16": 13,
    "17": 4,
    "18": 13,
    "19": 13,
    "21": 13,
    "22": 7,
    "23": 7,
    "24": 13,
    "25": 13
  },
  "case_counts": {
    "core_even": 23,
    "core_odd": 20,
    "13_to_20": 2,
    "core_to_26": 3,
    "terminal_source": 2,
    "26_to_13": 1,
    "core_to_terminal": 2,
    "26_precision_tax": 1
  },
  "supplementary_one_step_rank_checks": 1000000,
  "supplementary_residue26_precision_exponents": [
    1,
    2,
    10,
    100,
    1000,
    10000
  ],
  "all_checks_passed": true
}
